// Jest Snapshot v1, https://goo.gl/fbAQLP

exports[`Contant Test API Endpoint Should be Snapshot 1`] = `"/api/v1/auth/sign-in"`;

exports[`Contant Test API Endpoint Should be Snapshot 2`] = `"/api/v1/auth/sign-up"`;

exports[`Contant Test API Endpoint Should be Snapshot 3`] = `"/api/v1/auth/sign-out"`;
