// Jest Snapshot v1, https://goo.gl/fbAQLP

exports[`Custombar Component Should be Snapshot 1`] = `[Function]`;

exports[`Custombar Component Should be Snapshot 2`] = `[Function]`;

exports[`Custombar Component Should be Snapshot 3`] = `[Function]`;

exports[`Custombar Component Should be Snapshot 4`] = `[Function]`;
